Drill report for SparkFun_GNSS_Flex_pHAT_panelized.kicad_pcb
Created on 2025-03-20T16:22:28+0000

Copper Layer Stackup:
    =============================================================
    L1 :  F.Cu                      front
    L2 :  In1.Cu                    in1
    L3 :  In2.Cu                    in2
    L4 :  B.Cu                      back


Drill file 'SparkFun_GNSS_Flex_pHAT_panelized.drl' contains
    plated through holes:
    =============================================================
    T1  0.305mm  0.0120"  (1064 holes)
    T2  0.600mm  0.0236"  (16 holes)  (with 16 slots)
    T3  1.016mm  0.0400"  (20 holes)

    Total plated holes count 1100


Not plated through holes are merged with plated holes
    unplated through holes:
    =============================================================
    T4  0.650mm  0.0256"  (8 holes)
    T5  1.020mm  0.0402"  (160 holes)
    T6  1.200mm  0.0472"  (16 holes)
    T7  1.800mm  0.0709"  (8 holes)
    T8  2.750mm  0.1083"  (16 holes)
    T9  3.100mm  0.1220"  (16 holes)

    Total unplated holes count 224
